▲ Next.js 16.3.4 (Turbopack)
- Environments: .env.local
✓ Running next.config.ts took 411ms

  Creating an optimized production build ...
✓ Compiled successfully in 6.6s
  Running TypeScript ...
  Finished TypeScript in 7.9s ...
  Collecting page data using 15 workers ...
  Generating static pages using 15 workers (0/16) ...
  Generating static pages using 15 workers (4/16) 
  Generating static pages using 15 workers (8/16) 
  Generating static pages using 15 workers (12/16) 
✓ Generating static pages using 15 workers (16/16) in 1254ms
  Finalizing page optimization ...

Route (app)
┌ ○ /
├ ○ /_not-found
├ ○ /about
├ ƒ /api/contact
├ ○ /contact
├ ○ /in-shell
├ ○ /kernel
├ ○ /opengraph-image
├ ○ /privacy
├ ○ /products
├ ○ /robots.txt
├ ○ /services
├ ○ /sitemap.xml
└ ○ /terms


○  (Static)   prerendered as static content
ƒ  (Dynamic)  server-rendered on demand

