
> pure-pistachio@0.1.0 build
> next build

▲ Next.js 16.3.4 (Turbopack)
✓ Running next.config.ts took 33ms

  Creating an optimized production build ...
✓ Compiled successfully in 554ms
  Running TypeScript ...
  Finished TypeScript in 1724ms ...
  Collecting page data using 11 workers ...
  Generating static pages using 11 workers (0/10) ...
  Generating static pages using 11 workers (2/10) 
  Generating static pages using 11 workers (4/10) 
  Generating static pages using 11 workers (7/10) 
✓ Generating static pages using 11 workers (10/10) in 987ms
  Finalizing page optimization ...

Route (app)
┌ ○ /
├ ○ /_not-found
├ ○ /contact
├ ○ /global-supply
├ ○ /industries
├ ○ /products
├ ○ /resources
└ ○ /why-us


○  (Static)  prerendered as static content

